1570432830